[INFO] Scanning for projects...
[INFO] 
[INFO] ------------------------< cms.hub:be-logistics >------------------------
[INFO] Building be-logistics 0.0.1-SNAPSHOT
[INFO]   from pom.xml
[INFO] --------------------------------[ jar ]---------------------------------
[INFO] 
[INFO] >>> spring-boot:3.5.14:run (default-cli) > test-compile @ be-logistics >>>
[INFO] 
[INFO] --- resources:3.3.1:resources (default-resources) @ be-logistics ---
[INFO] Copying 1 resource from src\main\resources to target\classes
[INFO] Copying 0 resource from src\main\resources to target\classes
[INFO] 
[INFO] --- compiler:3.14.1:compile (default-compile) @ be-logistics ---
[INFO] Nothing to compile - all classes are up to date.
[INFO] 
[INFO] --- resources:3.3.1:testResources (default-testResources) @ be-logistics ---
[INFO] skip non existing resourceDirectory d:\Learned\Logistics\be-logistics\src\test\resources
[INFO] 
[INFO] --- compiler:3.14.1:testCompile (default-testCompile) @ be-logistics ---
[INFO] Nothing to compile - all classes are up to date.
[INFO] 
[INFO] <<< spring-boot:3.5.14:run (default-cli) < test-compile @ be-logistics <<<
[INFO] 
[INFO] 
[INFO] --- spring-boot:3.5.14:run (default-cli) @ be-logistics ---
[INFO] Attaching agents: []

  .   ____          _            __ _ _
 /\\ / ___'_ __ _ _(_)_ __  __ _ \ \ \ \
( ( )\___ | '_ | '_| | '_ \/ _` | \ \ \ \
 \\/  ___)| |_)| | | | | || (_| |  ) ) ) )
  '  |____| .__|_| |_|_| |_\__, | / / / /
 =========|_|==============|___/=/_/_/_/

 :: Spring Boot ::               (v3.5.14)

2026-05-27T21:41:41.122+07:00  INFO 11400 --- [           main] c.h.belogistics.BeLogisticsApplication   : Starting BeLogisticsApplication using Java 22.0.2 with PID 11400 (D:\Learned\Logistics\be-logistics\target\classes started by ADMIN in d:\Learned\Logistics\be-logistics)
2026-05-27T21:41:41.123+07:00  INFO 11400 --- [           main] c.h.belogistics.BeLogisticsApplication   : No active profile set, falling back to 1 default profile: "default"
2026-05-27T21:41:41.650+07:00  INFO 11400 --- [           main] .s.d.r.c.RepositoryConfigurationDelegate : Bootstrapping Spring Data JPA repositories in DEFAULT mode.
2026-05-27T21:41:41.695+07:00  INFO 11400 --- [           main] .s.d.r.c.RepositoryConfigurationDelegate : Finished Spring Data repository scanning in 38 ms. Found 2 JPA repository interfaces.
2026-05-27T21:41:42.039+07:00  INFO 11400 --- [           main] o.s.b.w.embedded.tomcat.TomcatWebServer  : Tomcat initialized with port 8111 (http)
2026-05-27T21:41:42.049+07:00  INFO 11400 --- [           main] o.apache.catalina.core.StandardService   : Starting service [Tomcat]
2026-05-27T21:41:42.049+07:00  INFO 11400 --- [           main] o.apache.catalina.core.StandardEngine    : Starting Servlet engine: [Apache Tomcat/10.1.54]
2026-05-27T21:41:42.091+07:00  INFO 11400 --- [           main] o.a.c.c.C.[Tomcat].[localhost].[/]       : Initializing Spring embedded WebApplicationContext
2026-05-27T21:41:42.092+07:00  INFO 11400 --- [           main] w.s.c.ServletWebServerApplicationContext : Root WebApplicationContext: initialization completed in 933 ms
2026-05-27T21:41:42.201+07:00  INFO 11400 --- [           main] o.hibernate.jpa.internal.util.LogHelper  : HHH000204: Processing PersistenceUnitInfo [name: default]
2026-05-27T21:41:42.233+07:00  INFO 11400 --- [           main] org.hibernate.Version                    : HHH000412: Hibernate ORM core version 6.6.49.Final
2026-05-27T21:41:42.254+07:00  INFO 11400 --- [           main] o.h.c.internal.RegionFactoryInitiator    : HHH000026: Second-level cache disabled
2026-05-27T21:41:42.447+07:00  INFO 11400 --- [           main] o.s.o.j.p.SpringPersistenceUnitInfo      : No LoadTimeWeaver setup: ignoring JPA class transformer
2026-05-27T21:41:42.468+07:00  INFO 11400 --- [           main] com.zaxxer.hikari.HikariDataSource       : HikariPool-1 - Starting...
2026-05-27T21:41:42.731+07:00  INFO 11400 --- [           main] com.zaxxer.hikari.pool.HikariPool        : HikariPool-1 - Added connection com.mysql.cj.jdbc.ConnectionImpl@21c34bf8
2026-05-27T21:41:42.733+07:00  INFO 11400 --- [           main] com.zaxxer.hikari.HikariDataSource       : HikariPool-1 - Start completed.
2026-05-27T21:41:42.791+07:00  INFO 11400 --- [           main] org.hibernate.orm.connections.pooling    : HHH10001005: Database info:
	Database JDBC URL [Connecting through datasource 'HikariDataSource (HikariPool-1)']
	Database driver: undefined/unknown
	Database version: 8.0.41
	Autocommit mode: undefined/unknown
	Isolation level: undefined/unknown
	Minimum pool size: undefined/unknown
	Maximum pool size: undefined/unknown
2026-05-27T21:41:43.453+07:00  INFO 11400 --- [           main] o.h.e.t.j.p.i.JtaPlatformInitiator       : HHH000489: No JTA platform available (set 'hibernate.transaction.jta.platform' to enable JTA platform integration)
2026-05-27T21:41:43.518+07:00  INFO 11400 --- [           main] j.LocalContainerEntityManagerFactoryBean : Initialized JPA EntityManagerFactory for persistence unit 'default'
2026-05-27T21:41:43.847+07:00  WARN 11400 --- [           main] JpaBaseConfiguration$JpaWebConfiguration : spring.jpa.open-in-view is enabled by default. Therefore, database queries may be performed during view rendering. Explicitly configure spring.jpa.open-in-view to disable this warning
2026-05-27T21:41:44.122+07:00  INFO 11400 --- [           main] o.s.b.w.embedded.tomcat.TomcatWebServer  : Tomcat started on port 8111 (http) with context path '/'
2026-05-27T21:41:44.129+07:00  INFO 11400 --- [           main] c.h.belogistics.BeLogisticsApplication   : Started BeLogisticsApplication in 3.411 seconds (process running for 3.668)
2026-05-27T21:41:58.665+07:00  INFO 11400 --- [nio-8111-exec-1] o.a.c.c.C.[Tomcat].[localhost].[/]       : Initializing Spring DispatcherServlet 'dispatcherServlet'
2026-05-27T21:41:58.666+07:00  INFO 11400 --- [nio-8111-exec-1] o.s.web.servlet.DispatcherServlet        : Initializing Servlet 'dispatcherServlet'
2026-05-27T21:41:58.666+07:00  INFO 11400 --- [nio-8111-exec-1] o.s.web.servlet.DispatcherServlet        : Completed initialization in 0 ms
[INFO] ------------------------------------------------------------------------
[INFO] BUILD FAILURE
[INFO] ------------------------------------------------------------------------
[INFO] Total time:  46.578 s
[INFO] Finished at: 2026-05-27T21:42:25+07:00
[INFO] ------------------------------------------------------------------------
[ERROR] Failed to execute goal org.springframework.boot:spring-boot-maven-plugin:3.5.14:run (default-cli) on project be-logistics: Process terminated with exit code: 1 -> [Help 1]
[ERROR] 
[ERROR] To see the full stack trace of the errors, re-run Maven with the -e switch.
[ERROR] Re-run Maven using the -X switch to enable full debug logging.
[ERROR] 
[ERROR] For more information about the errors and possible solutions, please read the following articles:
[ERROR] [Help 1] http://cwiki.apache.org/confluence/display/MAVEN/MojoExecutionException

d:\Learned\Logistics\be-logistics>